<html>
<body>
<pre>
<h1>µVision Build Log</h1>
<h2>Project:</h2>
E:\v25ce3g2\hemanth\ARM\volatile\volatile_keyword.uvproj
Project File Date:  12/11/2025

<h2>Output:</h2>
Build target 'Target 1'
assembling Startup.s...
compiling volatile.c...
volatile.c(14): warning:  #1-D: last line of file ends without a newline
volatile.c:   }
volatile.c:    ^
volatile.c: volatile.c: 1 warning, 0 errors
linking...
Program Size: Code=776 RO-data=16 RW-data=0 ZI-data=1256  
FromELF: creating hex file...
"volatile_keyword.axf" - 0 Error(s), 1 Warning(s).
