<html>
<body>
<pre>
<h1>µVision Build Log</h1>
<h2>Project:</h2>
E:\v25ce3g2\hemanth\ARM\LED_SEQ\led_seq.uvproj
Project File Date:  11/10/2025

<h2>Output:</h2>
Build target 'Target 1'
assembling Startup.s...
compiling seq.c...
linking...
Program Size: Code=860 RO-data=16 RW-data=0 ZI-data=1256  
FromELF: creating hex file...
"led_seq.axf" - 0 Error(s), 0 Warning(s).
Build target 'Target 1'
compiling seq.c...
linking...
Program Size: Code=868 RO-data=16 RW-data=0 ZI-data=1256  
FromELF: creating hex file...
"led_seq.axf" - 0 Error(s), 0 Warning(s).
