<html>
<body>
<pre>
<h1>µVision Build Log</h1>
<h2>Project:</h2>
E:\v25ce3g2\hemanth\ARM\BASICS\lcd_string\lcd_String.uvproj
Project File Date:  11/15/2025

<h2>Output:</h2>
Build target 'Target 1'
assembling Startup.s...
compiling string.c...
delay.h(6): warning:  #1-D: last line of file ends without a newline
delay.h:   }
delay.h:    ^
string.c(21): error:  #20: identifier "E" is undefined
string.c:       IODIR0 = LCD | RS | E;
string.c:                           ^
string.c(30): error:  #20: identifier "IOPIN" is undefined
string.c:       IOPIN = cmd;
string.c:       ^
string.c(31): error:  #20: identifier "IOCLR" is undefined
string.c:       IOCLR = RS;
string.c:       ^
string.c(32): error:  #20: identifier "IOSET" is undefined
string.c:       IOSET = E;
string.c:       ^
string.c(32): error:  #20: identifier "E" is undefined
string.c:       IOSET = E;
string.c:               ^
string.c(41): error:  #20: identifier "IOSET" is undefined
string.c:       IOSET = E;
string.c:       ^
string.c(41): error:  #20: identifier "E" is undefined
string.c:       IOSET = E;
string.c:               ^
string.c(42): warning:  #223-D: function "dleay" declared implicitly
string.c:       dleay(2);
string.c:       ^
string.c(50): error:  #20: identifier "S" is undefined
string.c:               LCD_DATA(*S++);
string.c:                         ^
string.c: string.c: 2 warnings, 8 errors
Target not created
Build target 'Target 1'
compiling string.c...
delay.h(6): warning:  #1-D: last line of file ends without a newline
delay.h:   }
delay.h:    ^
string.c(21): error:  #20: identifier "E" is undefined
string.c:       IODIR0 = LCD | RS | E;
string.c:                           ^
string.c(32): error:  #20: identifier "E" is undefined
string.c:       IOSET0 = E;
string.c:                ^
string.c(41): error:  #20: identifier "E" is undefined
string.c:       IOSET0 = E;
string.c:                ^
string.c(50): error:  #20: identifier "S" is undefined
string.c:               LCD_DATA((*S)++);
string.c:                          ^
string.c: string.c: 1 warning, 4 errors
Target not created
Build target 'Target 1'
compiling string.c...
delay.h(6): warning:  #1-D: last line of file ends without a newline
delay.h:   }
delay.h:    ^
string.c(21): error:  #20: identifier "E" is undefined
string.c:       IODIR0 = LCD | RS | E;
string.c:                           ^
string.c(32): error:  #20: identifier "E" is undefined
string.c:       IOSET0 = E;
string.c:                ^
string.c(41): error:  #20: identifier "E" is undefined
string.c:       IOSET0 = E;
string.c:                ^
string.c: string.c: 1 warning, 3 errors
Target not created
Build target 'Target 1'
compiling string.c...
delay.h(6): warning:  #1-D: last line of file ends without a newline
delay.h:   }
delay.h:    ^
delay.h: string.c: 1 warning, 0 errors
linking...
lcd_String.axf: Error: L6218E: Undefined symbol STRING (referred from string.o).
lcd_String.axf: Not enough information to list image symbols.
lcd_String.axf: Finished: 1 information, 0 warning and 1 error messages.
Target not created
Build target 'Target 1'
compiling string.c...
delay.h(6): warning:  #1-D: last line of file ends without a newline
delay.h:   }
delay.h:    ^
delay.h: string.c: 1 warning, 0 errors
linking...
lcd_String.axf: Error: L6218E: Undefined symbol STRING (referred from string.o).
lcd_String.axf: Not enough information to list image symbols.
lcd_String.axf: Finished: 1 information, 0 warning and 1 error messages.
Target not created
Build target 'Target 1'
compiling string.c...
delay.h(6): warning:  #1-D: last line of file ends without a newline
delay.h:   }
delay.h:    ^
delay.h: string.c: 1 warning, 0 errors
linking...
Program Size: Code=1068 RO-data=16 RW-data=0 ZI-data=1256  
FromELF: creating hex file...
"lcd_String.axf" - 0 Error(s), 1 Warning(s).
Build target 'Target 1'
compiling string.c...
delay.h(6): warning:  #1-D: last line of file ends without a newline
delay.h:   }
delay.h:    ^
delay.h: string.c: 1 warning, 0 errors
linking...
Program Size: Code=1024 RO-data=16 RW-data=0 ZI-data=1256  
FromELF: creating hex file...
"lcd_String.axf" - 0 Error(s), 1 Warning(s).
Build target 'Target 1'
linking...
Program Size: Code=1024 RO-data=16 RW-data=0 ZI-data=1256  
FromELF: creating hex file...
"lcd_String.axf" - 0 Error(s), 0 Warning(s).
Build target 'Target 1'
compiling string.c...
delay.h(6): warning:  #1-D: last line of file ends without a newline
delay.h:   }
delay.h:    ^
delay.h: string.c: 1 warning, 0 errors
linking...
Program Size: Code=1068 RO-data=16 RW-data=0 ZI-data=1256  
FromELF: creating hex file...
"lcd_String.axf" - 0 Error(s), 1 Warning(s).
Build target 'Target 1'
linking...
Program Size: Code=1068 RO-data=16 RW-data=0 ZI-data=1256  
FromELF: creating hex file...
"lcd_String.axf" - 0 Error(s), 0 Warning(s).
Build target 'Target 1'
compiling string.c...
delay.h(6): warning:  #1-D: last line of file ends without a newline
delay.h:   }
delay.h:    ^
delay.h: string.c: 1 warning, 0 errors
linking...
Program Size: Code=1056 RO-data=16 RW-data=0 ZI-data=1256  
FromELF: creating hex file...
"lcd_String.axf" - 0 Error(s), 1 Warning(s).
Build target 'Target 1'
compiling string.c...
delay.h(6): warning:  #1-D: last line of file ends without a newline
delay.h:   }
delay.h:    ^
delay.h: string.c: 1 warning, 0 errors
linking...
Program Size: Code=1080 RO-data=16 RW-data=0 ZI-data=1256  
FromELF: creating hex file...
"lcd_String.axf" - 0 Error(s), 1 Warning(s).
Build target 'Target 1'
compiling string.c...
delay.h(6): warning:  #1-D: last line of file ends without a newline
delay.h:   }
delay.h:    ^
delay.h: string.c: 1 warning, 0 errors
linking...
Program Size: Code=1108 RO-data=16 RW-data=0 ZI-data=1256  
FromELF: creating hex file...
"lcd_String.axf" - 0 Error(s), 1 Warning(s).
