<html>
<body>
<pre>
<h1>µVision Build Log</h1>
<h2>Project:</h2>
E:\v25ce3g2\hemanth\ARM\Divergence\led_divergence.uvproj
Project File Date:  11/11/2025

<h2>Output:</h2>
Build target 'Target 1'
assembling Startup.s...
compiling divergence.c...
divergence.c(6): error:  #29: expected an expression
divergence.c:           for(n=;n>0; n--)
divergence.c:                 ^
divergence.c(26): warning:  #1-D: last line of file ends without a newline
divergence.c:   }
divergence.c:    ^
divergence.c: divergence.c: 1 warning, 1 error
Target not created
Build target 'Target 1'
compiling divergence.c...
divergence.c(26): warning:  #1-D: last line of file ends without a newline
divergence.c:   }
divergence.c:    ^
divergence.c: divergence.c: 1 warning, 0 errors
linking...
Program Size: Code=880 RO-data=16 RW-data=0 ZI-data=1256  
FromELF: creating hex file...
"led_divergence.axf" - 0 Error(s), 1 Warning(s).
Build target 'Target 1'
compiling divergence.c...
linking...
Program Size: Code=880 RO-data=16 RW-data=0 ZI-data=1256  
FromELF: creating hex file...
"led_divergence.axf" - 0 Error(s), 0 Warning(s).
Build target 'Target 1'
compiling divergence.c...
linking...
Program Size: Code=884 RO-data=16 RW-data=0 ZI-data=1256  
FromELF: creating hex file...
"led_divergence.axf" - 0 Error(s), 0 Warning(s).
Build target 'Target 1'
compiling divergence.c...
linking...
Program Size: Code=884 RO-data=16 RW-data=0 ZI-data=1256  
FromELF: creating hex file...
"led_divergence.axf" - 0 Error(s), 0 Warning(s).
