<html>
<body>
<pre>
<h1>µVision Build Log</h1>
<h2>Project:</h2>
E:\v25ce3g2\hemanth\ARM\BASICS\switch_led\2switch_2led.uvproj
Project File Date:  11/14/2025

<h2>Output:</h2>
Build target 'Target 1'
assembling Startup.s...
compiling switch_led.c...
switch_led.c(15): error:  #20: identifier "IOPIN" is undefined
switch_led.c:                   else if(((IOPIN>>sw2)&1)==0)
switch_led.c:                             ^
switch_led.c: switch_led.c: 0 warnings, 1 error
Target not created
Build target 'Target 1'
compiling switch_led.c...
linking...
Program Size: Code=840 RO-data=16 RW-data=0 ZI-data=1256  
FromELF: creating hex file...
"2switch_2led.axf" - 0 Error(s), 0 Warning(s).
Build target 'Target 1'
compiling switch_led.c...
linking...
Program Size: Code=876 RO-data=16 RW-data=0 ZI-data=1256  
FromELF: creating hex file...
"2switch_2led.axf" - 0 Error(s), 0 Warning(s).
Build target 'Target 1'
compiling switch_led.c...
linking...
Program Size: Code=876 RO-data=16 RW-data=0 ZI-data=1256  
FromELF: creating hex file...
"2switch_2led.axf" - 0 Error(s), 0 Warning(s).
