<html>
<body>
<pre>
<h1>µVision Build Log</h1>
<h2>Project:</h2>
E:\v25ce3g2\hemanth\ARM\interrupts\fiq\FIQ-DEMO.uvproj
Project File Date:  12/08/2025

<h2>Output:</h2>
Build target 'Target 1'
compiling FIQ.C...
linking...
Program Size: Code=844 RO-data=16 RW-data=0 ZI-data=1256  
FromELF: creating hex file...
"FIQ-DEMO.axf" - 0 Error(s), 0 Warning(s).
Build target 'Target 1'
compiling FIQ.C...
FIQ.C(3): warning:  #1207-D: attribute "interrupt" ignored
FIQ.C:   void FIQ_Handler(void) __attribute__((interrupt("FIQ")));
FIQ.C:                                         ^
FIQ.C(5): error:  #147-D: declaration is incompatible with "void FIQ_Handler(void)" (declared at line 3)
FIQ.C:   void FIQ_Handler(void) __irq
FIQ.C:        ^
FIQ.C: FIQ.C: 1 warning, 1 error
Target not created
Build target 'Target 1'
compiling FIQ.C...
linking...
Program Size: Code=852 RO-data=16 RW-data=0 ZI-data=1256  
FromELF: creating hex file...
"FIQ-DEMO.axf" - 0 Error(s), 0 Warning(s).
Build target 'Target 1'
compiling FIQ.C...
linking...
Program Size: Code=860 RO-data=16 RW-data=0 ZI-data=1256  
FromELF: creating hex file...
"FIQ-DEMO.axf" - 0 Error(s), 0 Warning(s).
Build target 'Target 1'
compiling FIQ.C...
FIQ.C(3): warning:  #1207-D: attribute "interrupt" ignored
FIQ.C:   void FIQ_Handler(void) __attribute__((interrupt("FIQ")));
FIQ.C:                                         ^
FIQ.C(5): error:  #147-D: declaration is incompatible with "void FIQ_Handler(void)" (declared at line 3)
FIQ.C:   void FIQ_Handler(void) __irq
FIQ.C:        ^
FIQ.C: FIQ.C: 1 warning, 1 error
Target not created
Build target 'Target 1'
compiling FIQ.C...
linking...
Program Size: Code=860 RO-data=16 RW-data=0 ZI-data=1256  
FromELF: creating hex file...
"FIQ-DEMO.axf" - 0 Error(s), 0 Warning(s).
