<html>
<body>
<pre>
<h1>µVision Build Log</h1>
<h2>Project:</h2>
E:\v25ce3g2\hemanth\ARM\Convergence\led_convergence.uvproj
Project File Date:  11/11/2025

<h2>Output:</h2>
Build target 'Target 1'
assembling Startup.s...
compiling convergence.c...
convergence.c(16): error:  #20: identifier "IOSET" is undefined
convergence.c:                  IOSET = LED;
convergence.c:                  ^
convergence.c(17): warning:  #174-D: expression has no effect
convergence.c:                  for(i=0, j=7; i<=3, j>=7; i++, j--)
convergence.c:                                ^
convergence.c: convergence.c: 1 warning, 1 error
Target not created
Build target 'Target 1'
compiling convergence.c...
convergence.c(16): error:  #20: identifier "IOSET" is undefined
convergence.c:                  IOSET = LED;
convergence.c:                  ^
convergence.c: convergence.c: 0 warnings, 1 error
Target not created
Build target 'Target 1'
compiling convergence.c...
linking...
Program Size: Code=640 RO-data=16 RW-data=0 ZI-data=1256  
"led_convergence.axf" - 0 Error(s), 0 Warning(s).
Build target 'Target 1'
compiling convergence.c...
convergence.c(12): warning:  #177-D: variable "j" was declared but never referenced
convergence.c:          int i, j;
convergence.c:                 ^
convergence.c: convergence.c: 1 warning, 0 errors
linking...
Program Size: Code=616 RO-data=16 RW-data=0 ZI-data=1256  
"led_convergence.axf" - 0 Error(s), 1 Warning(s).
Build target 'Target 1'
compiling convergence.c...
linking...
Program Size: Code=616 RO-data=16 RW-data=0 ZI-data=1256  
"led_convergence.axf" - 0 Error(s), 0 Warning(s).
Build target 'Target 1'
compiling convergence.c...
linking...
Program Size: Code=616 RO-data=16 RW-data=0 ZI-data=1256  
"led_convergence.axf" - 0 Error(s), 0 Warning(s).
Build target 'Target 1'
compiling convergence.c...
linking...
Program Size: Code=616 RO-data=16 RW-data=0 ZI-data=1256  
"led_convergence.axf" - 0 Error(s), 0 Warning(s).
Build target 'Target 1'
compiling convergence.c...
linking...
Program Size: Code=612 RO-data=16 RW-data=0 ZI-data=1256  
"led_convergence.axf" - 0 Error(s), 0 Warning(s).
Build target 'Target 1'
linking...
Program Size: Code=612 RO-data=16 RW-data=0 ZI-data=1256  
"led_convergence.axf" - 0 Error(s), 0 Warning(s).
Build target 'Target 1'
linking...
Program Size: Code=612 RO-data=16 RW-data=0 ZI-data=1256  
"led_convergence.axf" - 0 Error(s), 0 Warning(s).
Build target 'Target 1'
linking...
Program Size: Code=612 RO-data=16 RW-data=0 ZI-data=1256  
"led_convergence.axf" - 0 Error(s), 0 Warning(s).
Build target 'Target 1'
compiling convergence.c...
linking...
Program Size: Code=884 RO-data=16 RW-data=0 ZI-data=1256  
FromELF: creating hex file...
"led_convergence.axf" - 0 Error(s), 0 Warning(s).
